........................................................................ [  2%]
........................................................................ [  4%]
........................................................................ [  7%]
........................................................................ [  9%]
........................................................................ [ 12%]
........................................................................ [ 14%]
........................................................................ [ 17%]
........................................................................ [ 19%]
........................................................................ [ 22%]
.....................................s............................ [ 24%]
........................................................................ [ 27%]
......FF................................................................ [ 29%]
...............F........................................................ [ 32%]
........................................................................ [ 34%]
........................................................................ [ 37%]
........................................................................ [ 39%]
........................................................................ [ 42%]
................................................................. [ 44%]
................................................s....................... [ 46%]
........................................................................ [ 49%]
........................................................................ [ 51%]
........................................................................ [ 54%]
........................................................................ [ 56%]
........................................................................ [ 59%]
........................................................................ [ 61%]
..................................................................F..... [ 64%]
........................................................................ [ 66%]
........................................................................ [ 69%]
........................................................................ [ 71%]
........................................................................ [ 74%]
........................................................................ [ 76%]
........................................................................ [ 79%]
........................................................................ [ 81%]
........................................................................ [ 83%]
........................................................................ [ 86%]
........................................................................ [ 88%]
........................................................................ [ 91%]
........................................................................ [ 93%]
........................................................................ [ 96%]
........................................................................ [ 98%]
................................                                         [100%]
================================== FAILURES ===================================
E   IndexError: list index out of range
c:\Users\hgk\tcmautoresearch\tests\test_gap_analyzer.py:122: IndexError: list index out of range
E   AssertionError: 0 != 1
C:\Users\hgk\AppData\Roaming\uv\python\cpython-3.10-windows-x86_64-none\lib\unittest\case.py:838: AssertionError: 0 != 1
E   AssertionError: False is not true
------------------------------ Captured log call ------------------------------
WARNING  src.core.architecture:architecture.py:140 模块 research_hypothesis_engine_1615114103216 已存在，将被替换
C:\Users\hgk\AppData\Roaming\uv\python\cpython-3.10-windows-x86_64-none\lib\unittest\case.py:687: AssertionError: False is not true
E   selenium.common.exceptions.TimeoutException: Message: 
    Stacktrace:
    	chromedriver!GetHandleVerifier [0x7ff7ca250245+146d5]
    	chromedriver!GetHandleVerifier [0x7ff7ca2502b0+14740]
    	chromedriver!(No symbol) [0x7ff7c9fbd7cd]
    	chromedriver!(No symbol) [0x7ff7ca016c4e]
    	chromedriver!(No symbol) [0x7ff7ca016f5c]
    	chromedriver!(No symbol) [0x7ff7ca067cc7]
    	chromedriver!(No symbol) [0x7ff7ca064818]
    	chromedriver!(No symbol) [0x7ff7ca009018]
    	chromedriver!(No symbol) [0x7ff7ca009f03]
    	chromedriver!GetHandleVerifier [0x7ff7ca5658f9+329d89]
    	chromedriver!GetHandleVerifier [0x7ff7ca55fe46+3242d6]
    	chromedriver!GetHandleVerifier [0x7ff7ca5830b2+347542]
    	chromedriver!GetHandleVerifier [0x7ff7ca26d3d5+31865]
    	chromedriver!GetHandleVerifier [0x7ff7ca27600c+3a49c]
    	chromedriver!GetHandleVerifier [0x7ff7ca259634+1dac4]
    	chromedriver!GetHandleVerifier [0x7ff7ca2597e6+1dc76]
    	chromedriver!GetHandleVerifier [0x7ff7ca23e2f7+2787]
    	KERNEL32!BaseThreadInitThunk [0x7ff8397de8d7+17]
    	ntdll!RtlUserThreadStart [0x7ff83a66c3fc+2c]
C:\Users\hgk\tcmautoresearch\venv310\lib\site-packages\selenium\webdriver\support\wait.py:121: selenium.common.exceptions.TimeoutException: Message:
============================== warnings summary ===============================
src\infrastructure\monitoring.py:35
  C:\Users\hgk\tcmautoresearch\src\infrastructure\monitoring.py:35: DeprecationWarning: web_console.job_manager 已迁移至 src.web.ops.job_manager
    from web_console.job_manager import ResearchJobManager

web_console\app.py:92: 1 warning
tests/test_config_loader.py: 2 warnings
tests/test_web_console_api.py: 35 warnings
tests/test_web_console_browser_e2e.py: 1 warning
  C:\Users\hgk\tcmautoresearch\web_console\app.py:92: DeprecationWarning: 
          on_event is deprecated, use lifespan event handlers instead.
  
          Read more about it in the
          [FastAPI docs for Lifespan Events](https://fastapi.tiangolo.com/advanced/events/).
          
    @app.on_event("shutdown")

venv310\lib\site-packages\fastapi\applications.py:4598: 1 warning
tests/test_auth_login_resilience.py: 1 warning
tests/test_config_loader.py: 6 warnings
tests/test_management_api_auth.py: 3 warnings
tests/test_rest_api.py: 9 warnings
tests/test_web_console_api.py: 35 warnings
tests/test_web_console_browser_e2e.py: 1 warning
  C:\Users\hgk\tcmautoresearch\venv310\lib\site-packages\fastapi\applications.py:4598: DeprecationWarning: 
          on_event is deprecated, use lifespan event handlers instead.
  
          Read more about it in the
          [FastAPI docs for Lifespan Events](https://fastapi.tiangolo.com/advanced/events/).
          
    return self.router.on_event(event_type)  # ty: ignore[deprecated]

tests\test_job_store.py:8
  c:\Users\hgk\tcmautoresearch\tests\test_job_store.py:8: DeprecationWarning: web_console.job_store 已迁移至 src.web.ops.job_store
    from web_console.job_store import PersistentJobStore

tests/test_analysis_coverage.py::TestDataMiningExecute::test_execute_clustering
tests/test_data_miner.py::TestCluster::test_single_record
tests/test_data_miner.py::TestCluster::test_two_records
  C:\Users\hgk\tcmautoresearch\venv310\lib\site-packages\sklearn\decomposition\_factor_analysis.py:286: RuntimeWarning: divide by zero encountered in log
    ll = llconst + np.sum(np.log(s))

tests/test_analysis_coverage.py::TestDataMiningExecute::test_execute_clustering
tests/test_data_miner.py::TestCluster::test_single_record
  C:\Users\hgk\tcmautoresearch\venv310\lib\site-packages\sklearn\decomposition\_factor_analysis.py:290: RuntimeWarning: invalid value encountered in scalar subtract
    if (ll - old_ll) < self.tol:

tests/test_auth_login_resilience.py::test_auth_login_still_works_when_cwd_changes
tests/test_config_loader.py::TestConfigLoader::test_app_entrypoints_accept_config_path_and_environment
tests/test_config_loader.py::TestConfigLoader::test_legacy_web_app_uses_settings_database_url_for_postgresql_init
  C:\Users\hgk\tcmautoresearch\src\web\app.py:159: DeprecationWarning: 
          on_event is deprecated, use lifespan event handlers instead.
  
          Read more about it in the
          [FastAPI docs for Lifespan Events](https://fastapi.tiangolo.com/advanced/events/).
          
    @app.on_event("shutdown")

tests/test_config_loader.py: 2 warnings
tests/test_management_api_auth.py: 3 warnings
tests/test_rest_api.py: 9 warnings
  C:\Users\hgk\tcmautoresearch\src\api\app.py:150: DeprecationWarning: 
          on_event is deprecated, use lifespan event handlers instead.
  
          Read more about it in the
          [FastAPI docs for Lifespan Events](https://fastapi.tiangolo.com/advanced/events/).
          
    @app.on_event("shutdown")

tests/test_config_loader.py::TestConfigLoader::test_create_app_uses_environment_isolated_runtime_paths
  C:\Users\hgk\tcmautoresearch\src\api\dependencies.py:93: DeprecationWarning: web_console.console_auth 已迁移至 src.web.ops.console_auth
    from web_console.console_auth import ConsoleAuthService

tests/test_config_manager.py::TestSingleton::test_same_instance
tests/test_config_manager.py::TestSingleton::test_reset_gives_new_instance
tests/test_config_manager.py::TestSingleton::test_reset_gives_new_instance
  C:\Users\hgk\tcmautoresearch\src\infrastructure\config_loader.py:617: DeprecationWarning: ConfigManager 已弃用，请改用 load_settings()。此类将在后续版本删除。
    cls._instance = cls()

tests/test_config_manager.py: 18 warnings
  c:\Users\hgk\tcmautoresearch\tests\test_config_manager.py:53: DeprecationWarning: ConfigManager 已弃用，请改用 load_settings()。此类将在后续版本删除。
    return ConfigManager()

tests/test_data_miner.py::TestCluster::test_single_record
  C:\Users\hgk\tcmautoresearch\venv310\lib\site-packages\sklearn\decomposition\_factor_analysis.py:296: ConvergenceWarning: FactorAnalysis did not converge. You might want to increase the number of iterations.
    warnings.warn(

tests/test_data_miner.py::TestDelegation::test_clustering_delegation_returns_clusters_and_factors
  c:\Users\hgk\tcmautoresearch\tests\test_data_miner.py:232: DeprecationWarning: src.semantic_modeling.research_methods is deprecated, import from src.analysis directly
    from src.semantic_modeling.research_methods import SummaryAnalysisEngine

tests/test_data_miner.py::TestResearchDataMinerExtraction::test_time_series_and_dose_response_with_context_data
tests/test_data_mining_service.py::TestDataMiningService::test_predictive_modeling_uses_time_series_payload
  C:\Users\hgk\tcmautoresearch\src\research\data_miner.py:280: OptimizeWarning: Covariance of the parameters could not be estimated
    popt, _ = curve_fit(hill, doses, responses, bounds=(0, [1.5, 200.0, 5.0]), maxfev=20000)

tests/test_format_converter_coverage.py::TestEpubConversion::test_epub_no_spine_fallback
  C:\Users\hgk\tcmautoresearch\src\collector\format_converter.py:714: XMLParsedAsHTMLWarning: It looks like you're using an HTML parser to parse an XML document.
  
  Assuming this really is an XML document, what you're doing might work, but you should know that using an XML parser will be more reliable. To parse this document as XML, make sure you have the Python package 'lxml' installed, and pass the keyword argument `features="xml"` into the BeautifulSoup constructor.
  
  If you want or need to use an HTML parser on this document, you can make this warning go away by filtering it. To do that, run this code before calling the BeautifulSoup constructor:
  
      from bs4 import XMLParsedAsHTMLWarning
      import warnings
  
      warnings.filterwarnings("ignore", category=XMLParsedAsHTMLWarning)
  
    soup = BeautifulSoup(html, "html.parser")

tests/test_research_orchestrator.py::TestOrchestratorRunHappyPath::test_all_phases_completed
  c:\Users\hgk\tcmautoresearch\tests\test_research_orchestrator.py:189: DeprecationWarning: ResearchOrchestrator 已弃用，请改用 ResearchRuntimeService。
    orch = ResearchOrchestrator()

tests/test_research_orchestrator.py::TestOrchestratorRunHappyPath::test_cleanup_called_even_on_happy_path
  c:\Users\hgk\tcmautoresearch\tests\test_research_orchestrator.py:228: DeprecationWarning: ResearchOrchestrator 已弃用，请改用 ResearchRuntimeService。
    orch = ResearchOrchestrator()

tests/test_research_orchestrator.py::TestOrchestratorRunHappyPath::test_hypothesis_summary_extracted
  c:\Users\hgk\tcmautoresearch\tests\test_research_orchestrator.py:207: DeprecationWarning: ResearchOrchestrator 已弃用，请改用 ResearchRuntimeService。
    orch = ResearchOrchestrator()

tests/test_research_orchestrator.py::TestOrchestratorRunHappyPath::test_observe_summary_extracted
  c:\Users\hgk\tcmautoresearch\tests\test_research_orchestrator.py:198: DeprecationWarning: ResearchOrchestrator 已弃用，请改用 ResearchRuntimeService。
    orch = ResearchOrchestrator()

tests/test_research_orchestrator.py::TestOrchestratorRunHappyPath::test_publish_summary_preserves_output_files
  c:\Users\hgk\tcmautoresearch\tests\test_research_orchestrator.py:216: DeprecationWarning: ResearchOrchestrator 已弃用，请改用 ResearchRuntimeService。
    orch = ResearchOrchestrator()

tests/test_research_orchestrator.py::TestOrchestratorRunHappyPath::test_run_returns_orchestration_result
  c:\Users\hgk\tcmautoresearch\tests\test_research_orchestrator.py:180: DeprecationWarning: ResearchOrchestrator 已弃用，请改用 ResearchRuntimeService。
    orch = ResearchOrchestrator()

tests/test_research_orchestrator.py::TestOrchestratorFailureHandling::test_cleanup_called_even_on_failure
  c:\Users\hgk\tcmautoresearch\tests\test_research_orchestrator.py:275: DeprecationWarning: ResearchOrchestrator 已弃用，请改用 ResearchRuntimeService。
    orch = ResearchOrchestrator()

tests/test_research_orchestrator.py::TestOrchestratorFailureHandling::test_phase_exception_captured_as_failed
  c:\Users\hgk\tcmautoresearch\tests\test_research_orchestrator.py:266: DeprecationWarning: ResearchOrchestrator 已弃用，请改用 ResearchRuntimeService。
    orch = ResearchOrchestrator({"stop_on_failure": True})

tests/test_research_orchestrator.py::TestOrchestratorFailureHandling::test_start_cycle_failure_returns_failed
  c:\Users\hgk\tcmautoresearch\tests\test_research_orchestrator.py:284: DeprecationWarning: ResearchOrchestrator 已弃用，请改用 ResearchRuntimeService。
    orch = ResearchOrchestrator()

tests/test_research_orchestrator.py::TestOrchestratorFailureHandling::test_stop_on_failure_false_continues
  c:\Users\hgk\tcmautoresearch\tests\test_research_orchestrator.py:253: DeprecationWarning: ResearchOrchestrator 已弃用，请改用 ResearchRuntimeService。
    orch = ResearchOrchestrator({"stop_on_failure": False})

tests/test_research_orchestrator.py::TestOrchestratorFailureHandling::test_stop_on_failure_true_skips_remaining
  c:\Users\hgk\tcmautoresearch\tests\test_research_orchestrator.py:241: DeprecationWarning: ResearchOrchestrator 已弃用，请改用 ResearchRuntimeService。
    orch = ResearchOrchestrator({"stop_on_failure": True})

tests/test_research_orchestrator.py::TestOrchestratorPhaseContextOverride::test_config_default_context_applied
  c:\Users\hgk\tcmautoresearch\tests\test_research_orchestrator.py:314: DeprecationWarning: ResearchOrchestrator 已弃用，请改用 ResearchRuntimeService。
    orch = ResearchOrchestrator({

tests/test_research_orchestrator.py::TestOrchestratorPhaseContextOverride::test_phase_context_override_passed_to_pipeline
  c:\Users\hgk\tcmautoresearch\tests\test_research_orchestrator.py:299: DeprecationWarning: ResearchOrchestrator 已弃用，请改用 ResearchRuntimeService。
    orch = ResearchOrchestrator()

tests/test_research_orchestrator.py::TestOrchestratorSubsetPhases::test_empty_topic_raises
  c:\Users\hgk\tcmautoresearch\tests\test_research_orchestrator.py:344: DeprecationWarning: ResearchOrchestrator 已弃用，请改用 ResearchRuntimeService。
    orch = ResearchOrchestrator()

tests/test_research_orchestrator.py::TestOrchestratorSubsetPhases::test_only_observe_and_hypothesis
  c:\Users\hgk\tcmautoresearch\tests\test_research_orchestrator.py:333: DeprecationWarning: ResearchOrchestrator 已弃用，请改用 ResearchRuntimeService。
    orch = ResearchOrchestrator({

tests/test_research_orchestrator.py::TestOrchestratorSubsetPhases::test_whitespace_topic_raises
  c:\Users\hgk\tcmautoresearch\tests\test_research_orchestrator.py:350: DeprecationWarning: ResearchOrchestrator 已弃用，请改用 ResearchRuntimeService。
    orch = ResearchOrchestrator()

tests/test_research_orchestrator.py::TestOrchestratorMisc::test_infer_scope_fallback
  c:\Users\hgk\tcmautoresearch\tests\test_research_orchestrator.py:367: DeprecationWarning: ResearchOrchestrator 已弃用，请改用 ResearchRuntimeService。
    orch = ResearchOrchestrator()

tests/test_research_orchestrator.py::TestOrchestratorMisc::test_infer_scope_with_keywords
  c:\Users\hgk\tcmautoresearch\tests\test_research_orchestrator.py:361: DeprecationWarning: ResearchOrchestrator 已弃用，请改用 ResearchRuntimeService。
    orch = ResearchOrchestrator()

tests/test_research_orchestrator.py::TestOrchestratorMisc::test_result_to_dict_is_json_serializable
  c:\Users\hgk\tcmautoresearch\tests\test_research_orchestrator.py:375: DeprecationWarning: ResearchOrchestrator 已弃用，请改用 ResearchRuntimeService。
    orch = ResearchOrchestrator()

tests/test_research_orchestrator.py::TestOrchestratorObserveHypothesisExperimentSummary::test_experiment_summary_includes_high_priority_gap_methodology_and_sample_size
  c:\Users\hgk\tcmautoresearch\tests\test_research_orchestrator.py:536: DeprecationWarning: ResearchOrchestrator 已弃用，请改用 ResearchRuntimeService。
    orch = ResearchOrchestrator(

tests/test_research_orchestrator.py::TestOrchestratorObserveHypothesisExperimentSummary::test_real_pipeline_three_phase_summary
  c:\Users\hgk\tcmautoresearch\tests\test_research_orchestrator.py:442: DeprecationWarning: ResearchOrchestrator 已弃用，请改用 ResearchRuntimeService。
    orch = ResearchOrchestrator(

tests/test_research_orchestrator.py::TestRunResearchSingleEntry::test_run_research_accepts_config_and_phase_override
  c:\Users\hgk\tcmautoresearch\tests\test_research_orchestrator.py:585: DeprecationWarning: run_research() 已弃用，请改用 ResearchRuntimeService。此函数绕过 RuntimeConfigAssembler，不推荐在生产代码中使用。
    run_research(

tests/test_research_orchestrator.py::TestRunResearchSingleEntry::test_run_research_accepts_config_and_phase_override
tests/test_research_orchestrator.py::TestRunResearchSingleEntry::test_run_research_accepts_explicit_protocol_inputs
tests/test_research_orchestrator.py::TestRunResearchSingleEntry::test_run_research_returns_orchestration_result
  C:\Users\hgk\tcmautoresearch\src\orchestration\research_orchestrator.py:589: DeprecationWarning: ResearchOrchestrator 已弃用，请改用 ResearchRuntimeService。
    orchestrator = ResearchOrchestrator(config=config)

tests/test_research_orchestrator.py::TestRunResearchSingleEntry::test_run_research_accepts_explicit_protocol_inputs
  c:\Users\hgk\tcmautoresearch\tests\test_research_orchestrator.py:599: DeprecationWarning: run_research() 已弃用，请改用 ResearchRuntimeService。此函数绕过 RuntimeConfigAssembler，不推荐在生产代码中使用。
    run_research(

tests/test_research_orchestrator.py::TestRunResearchSingleEntry::test_run_research_returns_orchestration_result
  c:\Users\hgk\tcmautoresearch\tests\test_research_orchestrator.py:577: DeprecationWarning: run_research() 已弃用，请改用 ResearchRuntimeService。此函数绕过 RuntimeConfigAssembler，不推荐在生产代码中使用。
    result = run_research("麻黄汤研究")

tests/test_web_auth.py::TestVerifyToken::test_invalid_signature_raises
  C:\Users\hgk\tcmautoresearch\venv310\lib\site-packages\jwt\api_jwt.py:147: InsecureKeyLengthWarning: The HMAC key is 12 bytes long, which is below the minimum recommended length of 32 bytes for SHA256. See RFC 7518 Section 3.2.
    return self._jws.encode(

tests/test_web_console_browser_e2e.py::TestWebConsoleBrowserE2E::test_auto_transport_prefers_websocket_on_real_page
  C:\Users\hgk\tcmautoresearch\venv310\lib\site-packages\websockets\legacy\__init__.py:6: DeprecationWarning: websockets.legacy is deprecated; see https://websockets.readthedocs.io/en/stable/howto/upgrade.html for upgrade instructions
    warnings.warn(  # deprecated in 14.0 - 2024-11-09

tests/test_web_console_browser_e2e.py::TestWebConsoleBrowserE2E::test_auto_transport_prefers_websocket_on_real_page
  C:\Users\hgk\tcmautoresearch\venv310\lib\site-packages\uvicorn\protocols\websockets\websockets_impl.py:17: DeprecationWarning: websockets.server.WebSocketServerProtocol is deprecated
    from websockets.server import WebSocketServerProtocol

tests/unit/test_cycle_demo_contract.py::TestCycleDemoContract::test_run_iteration_cycle_includes_governance_contract
  c:\Users\hgk\tcmautoresearch\tests\unit\test_cycle_demo_contract.py:37: DeprecationWarning: run_iteration_cycle() 是旧 5 模块链路径，默认主链已迁移至 ResearchRuntimeService 7 阶段管道。
    result = run_iteration_cycle(

-- Docs: https://docs.pytest.org/en/stable/how-to/capture-warnings.html
=========================== short test summary info ===========================
FAILED tests/test_gap_analyzer.py::TestGapAnalyzer::test_execute_parses_json_output_and_uses_config_defaults
FAILED tests/test_gap_analyzer.py::TestGapAnalyzer::test_execute_returns_report_and_metadata
FAILED tests/test_hypothesis_engine.py::TestKGEnhancedHypothesis::test_llm_failure_falls_back_to_rules
FAILED tests/test_web_console_browser_e2e.py::TestWebConsoleBrowserE2E::test_auto_transport_prefers_websocket_on_real_page
4 failed, 2893 passed, 2 skipped, 177 warnings, 13 subtests passed in 144.63s (0:02:24)
